org\flareon\alisa\CommandVotesun.class
org\flareon\alisa\processors\ProcessorFlood.class
org\flareon\alisa\CommandServer.class
org\flareon\alisa\Statistics.class
org\flareon\alisa\CommandVoteday.class
org\flareon\alisa\cooldown\Cooldown.class
org\flareon\alisa\chat\Supervision.class
org\flareon\alisa\PlaytimeReport.class
org\flareon\alisa\utils\PaginateUtil.class
org\flareon\alisa\CommandRules.class
org\flareon\alisa\cooldown\CooldownsHandler.class
org\flareon\alisa\chat\Supervision$1.class
org\flareon\alisa\FLAlisa$1.class
org\flareon\alisa\utils\TimeUtil.class
org\flareon\alisa\listeners\VoteEvent$2.class
org\flareon\alisa\CommandBot$2.class
org\flareon\alisa\chat\Supervision$2.class
org\flareon\alisa\PlaytimeHandler.class
org\flareon\alisa\processors\ProcessorProfanity.class
org\flareon\alisa\CommandHelp.class
org\flareon\alisa\chat\Answer$AnswerReason.class
org\flareon\alisa\processors\ProcessorCaps.class
org\flareon\alisa\listeners\VoteEvent.class
org\flareon\alisa\ModeratorsHandler.class
org\flareon\alisa\CommandMouth.class
org\flareon\alisa\utils\ChatUtil$1.class
org\flareon\alisa\VoteCommand.class
org\flareon\alisa\cooldown\CooldownPlayerBased.class
org\flareon\alisa\chat\MessageHandler$1.class
org\flareon\alisa\utils\ModeratorsUtil.class
org\flareon\alisa\CommandAseen.class
org\flareon\alisa\listeners\JoinEvent.class
org\flareon\alisa\HWID.class
org\flareon\alisa\processors\ProcessorFlood$MessageData.class
org\flareon\alisa\chat\Answer$AnswerChunk.class
org\flareon\alisa\utils\FileUtil.class
org\flareon\alisa\listeners\ChatEvent.class
org\flareon\alisa\CommandBot$1.class
org\flareon\alisa\processors\ProcessorSymbolFlood.class
org\flareon\alisa\Config.class
org\flareon\alisa\utils\ChatUtil.class
org\flareon\alisa\processors\IProcessor.class
org\flareon\alisa\FLAlisa.class
org\flareon\alisa\CommandMods.class
org\flareon\alisa\chat\Supervision$PunishmentType.class
org\flareon\alisa\ModeratorsEntry.class
org\flareon\alisa\utils\ColorUtil.class
org\flareon\alisa\chat\MessageHandler.class
org\flareon\alisa\listeners\VoteEvent$1.class
org\flareon\alisa\chat\Answer$1.class
org\flareon\alisa\chat\Answer.class
org\flareon\alisa\listeners\VoteEvent$TypeVote.class
org\flareon\alisa\CommandColors.class
org\flareon\alisa\CommandBot.class
org\flareon\alisa\processors\ProcessorHelloBye.class
