D:\code.lang\Mine\Plugins\Alisa\src\main\java\org\flareon\alisa\PlaytimeHandler.java
D:\code.lang\Mine\Plugins\Alisa\src\main\java\org\flareon\alisa\cooldown\CooldownsHandler.java
D:\code.lang\Mine\Plugins\Alisa\src\main\java\org\flareon\alisa\utils\PaginateUtil.java
D:\code.lang\Mine\Plugins\Alisa\src\main\java\org\flareon\alisa\utils\FileUtil.java
D:\code.lang\Mine\Plugins\Alisa\src\main\java\org\flareon\alisa\utils\ColorUtil.java
D:\code.lang\Mine\Plugins\Alisa\src\main\java\org\flareon\alisa\chat\MessageHandler.java
D:\code.lang\Mine\Plugins\Alisa\src\main\java\org\flareon\alisa\Config.java
D:\code.lang\Mine\Plugins\Alisa\src\main\java\org\flareon\alisa\CommandKit.java
D:\code.lang\Mine\Plugins\Alisa\src\main\java\org\flareon\alisa\utils\TimeUtil.java
D:\code.lang\Mine\Plugins\Alisa\src\main\java\org\flareon\alisa\cooldown\CooldownPlayerBased.java
D:\code.lang\Mine\Plugins\Alisa\src\main\java\org\flareon\alisa\processors\ProcessorSymbolFlood.java
D:\code.lang\Mine\Plugins\Alisa\src\main\java\org\flareon\alisa\utils\ChatUtil.java
D:\code.lang\Mine\Plugins\Alisa\src\main\java\org\flareon\alisa\cooldown\Cooldown.java
D:\code.lang\Mine\Plugins\Alisa\src\main\java\org\flareon\alisa\utils\ModeratorsUtil.java
D:\code.lang\Mine\Plugins\Alisa\src\main\java\org\flareon\alisa\HWID.java
D:\code.lang\Mine\Plugins\Alisa\src\main\java\org\flareon\alisa\listeners\ChatEvent.java
D:\code.lang\Mine\Plugins\Alisa\src\main\java\org\flareon\alisa\listeners\JoinEvent.java
D:\code.lang\Mine\Plugins\Alisa\src\main\java\org\flareon\alisa\listeners\VoteEvent.java
D:\code.lang\Mine\Plugins\Alisa\src\main\java\org\flareon\alisa\chat\Supervision.java
D:\code.lang\Mine\Plugins\Alisa\src\main\java\org\flareon\alisa\ModeratorsEntry.java
D:\code.lang\Mine\Plugins\Alisa\src\main\java\org\flareon\alisa\PlaytimeReport.java
D:\code.lang\Mine\Plugins\Alisa\src\main\java\org\flareon\alisa\processors\ProcessorProfanity.java
D:\code.lang\Mine\Plugins\Alisa\src\main\java\org\flareon\alisa\processors\ProcessorHelloBye.java
D:\code.lang\Mine\Plugins\Alisa\src\main\java\org\flareon\alisa\processors\IProcessor.java
D:\code.lang\Mine\Plugins\Alisa\src\main\java\org\flareon\alisa\processors\ProcessorFlood.java
D:\code.lang\Mine\Plugins\Alisa\src\main\java\org\flareon\alisa\ModeratorsHandler.java
D:\code.lang\Mine\Plugins\Alisa\src\main\java\org\flareon\alisa\processors\ProcessorCaps.java
D:\code.lang\Mine\Plugins\Alisa\src\main\java\org\flareon\alisa\chat\Answer.java
D:\code.lang\Mine\Plugins\Alisa\src\main\java\org\flareon\alisa\FLAlisa.java
D:\code.lang\Mine\Plugins\Alisa\src\main\java\org\flareon\alisa\Statistics.java
